ST-Compiler Version 4.52.01    Thu Aug 08 19:08:25 2024    Page 1
Command line:'D:\Work\Guatemala\2024\POC_HINCAPIE\Project\SIEMENS\DIGSI\S012+R06_EN_CURSO\TMP\CFC\7344242.184007\STComp.st'


                                    .SEG      CODE
 00001:  
 00002:                                                    (* ---------- Structure : SSPS ----------  *)
 00003:  TYPE SSPS:
 00004:  STRUCT
 00005:          SP   :  BOOL;
 00006:           Q   :  WORD;
 00007:  END_STRUCT;
 00008:  END_TYPE
 00009:  
 00010:  
 00011:                                                    (* ---------- EV Function Block : OEXV_BO_SPS ----------  *)
 00012:  
 00013:  FUNCTION_BLOCK OEXV_BO_SPS
 00014:  VAR_INPUT
 00015:          LNK :UINT := 0;
 00016:          VAL :BOOL := 0;
 00017:  END_VAR
 00018:  VAR
 00019:          INI :BOOL := 0;
 00020:          LNKPTR :DINT := 0;
 00021:  END_VAR
 00022:          GATE boSP
                                OEXV_BO_SPS:

                                    .SEG      CODE
00000000  0301????????              CALL      boSP
 00023:  END_FUNCTION_BLOCK
00000006  010A0000                  RETB      #0
 00024:  
 00025:  
 00026:  
 00027:                                                    (* ---------- EV Function Block : IEXV_SPS_BO ----------  *)
 00028:  
 00029:  FUNCTION_BLOCK IEXV_SPS_BO
 00030:  VAR_INPUT
 00031:          LNK :UINT := 0;
 00032:  END_VAR
 00033:  VAR_OUTPUT
 00034:          VAL :BOOL;
 00035:  END_VAR
 00036:  VAR
 00037:          INI :BOOL := 0;
 00038:          LNKPTR :DINT := 0;
 00039:  END_VAR
 00040:          GATE SPbo
                                IEXV_SPS_BO:
0000000A  0301????????              CALL      SPbo
 00041:  END_FUNCTION_BLOCK
ST-Compiler Version 4.52.01    Thu Aug 08 19:08:25 2024    Page 2
File: 'D:\Work\Guatemala\2024\POC_HINCAPIE\Project\SIEMENS\DIGSI\S012+R06_EN_CURSO\TMP\CFC\7344242.184007\STComp.st'

00000010  010A0000                  RETB      #0
 00042:  
 00043:  
 00044:  
 00045:                                                    (* ---------- EV Function Block : IEXV_MVL_RE ----------  *)
 00046:  
 00047:  FUNCTION_BLOCK IEXV_MVL_RE
 00048:  VAR_INPUT
 00049:          LNK :UINT := 0;
 00050:  END_VAR
 00051:  VAR_OUTPUT
 00052:          VAL :REAL;
 00053:  END_VAR
 00054:  VAR
 00055:          INI :BOOL := 0;
 00056:          LNKPTR :DINT := 0;
 00057:  END_VAR
 00058:          GATE MVre
                                IEXV_MVL_RE:
00000014  0301????????              CALL      MVre
 00059:  END_FUNCTION_BLOCK
0000001A  010A0000                  RETB      #0
 00060:  
 00061:  
 00062:  
 00063:                                                    (* ---------- Function Block : OR10 ----------  *)
 00064:  
 00065:  FUNCTION_BLOCK OR10
 00066:  {
 00067:       TICKS           := 2;
 00068:       GENERIC         := NO;
 00069:       BLOCKVIEW       := BIG;
 00070:       SYSTIMER        := 0;
 00071:       FF_MEMO_MEM     := 0;
 00072:       HELPID          := 10268;
 00073:       COMMENT         := 'OR';
 00074:       NESTED          := NO;
 00075:  }
 00076:  VAR_INPUT
 00077:          X1 { TICKS := 0; VISIBLE := YES;}:BOOL := 0;
 00078:          X2 { TICKS := 0; VISIBLE := YES;}:BOOL := 0;
 00079:          X3 { TICKS := 0; VISIBLE := NO;}:BOOL := 0;
 00080:          X4 { TICKS := 0; VISIBLE := NO;}:BOOL := 0;
 00081:          X5 { TICKS := 0; VISIBLE := NO;}:BOOL := 0;
 00082:          X6 { TICKS := 0; VISIBLE := NO;}:BOOL := 0;
 00083:          X7 { TICKS := 0; VISIBLE := NO;}:BOOL := 0;
 00084:          X8 { TICKS := 0; VISIBLE := NO;}:BOOL := 0;
 00085:          X9 { TICKS := 0; VISIBLE := NO;}:BOOL := 0;
 00086:          X10 { TICKS := 0; VISIBLE := NO;}:BOOL := 0;
 00087:  END_VAR
 00088:  VAR_OUTPUT
 00089:          Y { TICKS := 0; VISIBLE := YES;}:BOOL := 0;
 00090:  END_VAR
 00091:  Y:= X1 OR X2 OR X3 OR X4 OR X5 OR X6 OR X7 OR X8 OR X9 OR X10;
                                OR10:
0000001E  0E0200000000              LD.W      0(DP)
00000024  422502000000              OR.W      AC,2(DP)
0000002A  422504000000              OR.W      AC,4(DP)
ST-Compiler Version 4.52.01    Thu Aug 08 19:08:25 2024    Page 3
File: 'D:\Work\Guatemala\2024\POC_HINCAPIE\Project\SIEMENS\DIGSI\S012+R06_EN_CURSO\TMP\CFC\7344242.184007\STComp.st'

00000030  422506000000              OR.W      AC,6(DP)
00000036  422508000000              OR.W      AC,8(DP)
0000003C  42250A000000              OR.W      AC,10(DP)
00000042  42250C000000              OR.W      AC,12(DP)
00000048  42250E000000              OR.W      AC,14(DP)
0000004E  422510000000              OR.W      AC,16(DP)
00000054  422512000000              OR.W      AC,18(DP)
0000005A  130214000000              ST.W      20(DP)
 00092:  END_FUNCTION_BLOCK
00000060  010A0000                  RETB      #0
 00093:  
 00094:  
 00095:  
 00096:                                                    (* ---------- Function Block : AND10 ----------  *)
 00097:  
 00098:  FUNCTION_BLOCK AND10
 00099:  {
 00100:       TICKS           := 2;
 00101:       GENERIC         := NO;
 00102:       BLOCKVIEW       := BIG;
 00103:       SYSTIMER        := 0;
 00104:       FF_MEMO_MEM     := 0;
 00105:       HELPID          := 10264;
 00106:       COMMENT         := 'AND';
 00107:       NESTED          := NO;
 00108:  }
 00109:  VAR_INPUT
 00110:          X1 { TICKS := 0; VISIBLE := YES;}:BOOL := 0;
 00111:          X2 { TICKS := 0; VISIBLE := YES;}:BOOL := 0;
 00112:          X3 { TICKS := 0; VISIBLE := NO;}:BOOL := 1;
 00113:          X4 { TICKS := 0; VISIBLE := NO;}:BOOL := 1;
 00114:          X5 { TICKS := 0; VISIBLE := NO;}:BOOL := 1;
 00115:          X6 { TICKS := 0; VISIBLE := NO;}:BOOL := 1;
 00116:          X7 { TICKS := 0; VISIBLE := NO;}:BOOL := 1;
 00117:          X8 { TICKS := 0; VISIBLE := NO;}:BOOL := 1;
 00118:          X9 { TICKS := 0; VISIBLE := NO;}:BOOL := 1;
 00119:          X10 { TICKS := 0; VISIBLE := NO;}:BOOL := 1;
 00120:  END_VAR
 00121:  VAR_OUTPUT
 00122:          Y { TICKS := 0; VISIBLE := YES;}:BOOL := 0;
 00123:  END_VAR
 00124:  Y:= X1 AND X2 AND X3 AND X4 AND X5 AND X6 AND X7 AND X8 AND X9 AND X10;
                                AND10:
00000064  0E0200000000              LD.W      0(DP)
0000006A  3F2502000000              AND.W     AC,2(DP)
00000070  3F2504000000              AND.W     AC,4(DP)
00000076  3F2506000000              AND.W     AC,6(DP)
0000007C  3F2508000000              AND.W     AC,8(DP)
00000082  3F250A000000              AND.W     AC,10(DP)
00000088  3F250C000000              AND.W     AC,12(DP)
0000008E  3F250E000000              AND.W     AC,14(DP)
00000094  3F2510000000              AND.W     AC,16(DP)
0000009A  3F2512000000              AND.W     AC,18(DP)
000000A0  130214000000              ST.W      20(DP)
 00125:  END_FUNCTION_BLOCK
000000A6  010A0000                  RETB      #0
 00126:  
 00127:  
ST-Compiler Version 4.52.01    Thu Aug 08 19:08:25 2024    Page 4
File: 'D:\Work\Guatemala\2024\POC_HINCAPIE\Project\SIEMENS\DIGSI\S012+R06_EN_CURSO\TMP\CFC\7344242.184007\STComp.st'

 00128:  
 00129:                                                    (* ---------- Function Block : LE_R ----------  *)
 00130:  
 00131:  FUNCTION_BLOCK LE_R
 00132:  {
 00133:       TICKS           := 1;
 00134:       GENERIC         := NO;
 00135:       BLOCKVIEW       := BIG;
 00136:       SYSTIMER        := 0;
 00137:       FF_MEMO_MEM     := 0;
 00138:       HELPID          := 10236;
 00139:       COMMENT         := 'LE_R';
 00140:       NESTED          := NO;
 00141:  }
 00142:  VAR_INPUT
 00143:          IN1 { TICKS := 0; VISIBLE := YES;}:REAL := 0.0;
 00144:          IN2 { TICKS := 0; VISIBLE := YES;}:REAL := 0.0;
 00145:  END_VAR
 00146:  VAR_OUTPUT
 00147:          OUT { TICKS := 0; VISIBLE := YES;}:BOOL := 0;
 00148:  END_VAR
 00149:  VAR
 00150:       INI : BOOL  :=  0;
 00151:  END_VAR
 00152:       GATE LEQR
                                LE_R:
000000AA  0301????????              CALL      LEQR
 00153:  END_FUNCTION_BLOCK
000000B0  010A0000                  RETB      #0
 00154:  
 00155:  
 00156:  
 00157:                                                    (* ---------- Function Block : TON ----------  *)
 00158:  
 00159:  FUNCTION_BLOCK TON
 00160:  {
 00161:       TICKS           := 1;
 00162:       GENERIC         := NO;
 00163:       BLOCKVIEW       := BIG;
 00164:       SYSTIMER        := 1;
 00165:       FF_MEMO_MEM     := 0;
 00166:       HELPID          := 10296;
 00167:       COMMENT         := 'TON';
 00168:       NESTED          := NO;
 00169:  }
 00170:  VAR_INPUT
 00171:          IN { TICKS := 0; VISIBLE := YES;}:BOOL := 0;
 00172:          PT { TICKS := 0; VISIBLE := YES;}:DINT := 100;
 00173:  END_VAR
 00174:  VAR_OUTPUT
 00175:          Q { TICKS := 0; VISIBLE := YES;}:BOOL := 0;
 00176:          ET { TICKS := 0; VISIBLE := YES;}:DINT := 0;
 00177:  END_VAR
 00178:  VAR
 00179:       INI : BOOL  :=  0;
 00180:       TID : DINT  :=  0;
 00181:       RUN : BOOL  :=  0;
 00182:  END_VAR
ST-Compiler Version 4.52.01    Thu Aug 08 19:08:25 2024    Page 5
File: 'D:\Work\Guatemala\2024\POC_HINCAPIE\Project\SIEMENS\DIGSI\S012+R06_EN_CURSO\TMP\CFC\7344242.184007\STComp.st'

 00183:       GATE TDON
                                TON:
000000B4  0301????????              CALL      TDON
 00184:  END_FUNCTION_BLOCK
000000BA  010A0000                  RETB      #0
 00185:  
 00186:  
 00187:  
 00188:  
 00189:  
 00190:                                                    (* ---------- Program : CHART_fdad11fe_d5c5_47c1_b5f1_670b9c204a82 ----------  *)
 00191:  
 00192:  PROGRAM CHART_fdad11fe_d5c5_47c1_b5f1_670b9c204a82
 00193:  {COMMENT := "Lógico 50BF";DESC := "";}
 00194:  (* ChartLayout;PageSize := A4,Rows := 3,Columns := 2,MarginMode := WithoutMargins,MarginSize := 37,MarginLines := 1 *)
 00195:  (* PartitionInfo;Id := 1,Name := Partition_1,Comment :=           *)
 00196:  VAR
 00197:  
 00198:  
 00199:  
 00200:       (* IO_IOVISIBILITY;OR10_1;X3:X4:X5:X6:X7:X8:X9:X10: *)
 00201:                 
 00202:       (* PartitionInfo;PartitionID OR10_1;1  *)
 00203:  OR10_1          { COMMENT := 'or10_1'; POSITION := 68,6; SIZE := 12, 12; } :OR10;         
 00204:  
 00205:       (* 0005 - F06_F002.Application.FG1_Breaker_3pol.FB1_RBRF_Adv_3pol.Initiation *)
 00206:       EXV_SPS_0005   {COMMENT := "F06_F002.Application.FG1_Breaker_3pol.FB1_RBRF_Adv_3pol.Initiation";DESC := "0##Application#Interruptor HV#50BF#>Start##1";}:OEXV_BO_SPS;
 00207:  
 00208:       (* 0006 - F06_F002.Application.FG1_UserDef.FB5_Universal.SPS12 *)
 00209:       EXV_SPS_0006   {COMMENT := "F06_F002.Application.FG1_UserDef.FB5_Universal.SPS12";DESC := "0##Application#Usuario#Entradas#3.8 Arranque 50BF F003##1";}:IEXV_SPS_BO;
 00210:  
 00211:       (* 0007 - F06_F002.Application.FG1_UserDef.FB5_Universal.SPS9 *)
 00212:       EXV_SPS_0007   {COMMENT := "F06_F002.Application.FG1_UserDef.FB5_Universal.SPS9";DESC := "0##Application#Usuario#Entradas#3.5 Opero 86T##1";}:IEXV_SPS_BO;
 00213:  END_VAR
 00214:  
 00215:       EXV_SPS_0006        (LNK := 6);
                                CHART_fdad11fe_d5c5_47c1_b5f1_670b9c204a82:
000000BE  182A060020000000          MOVE.W    #6,32(DP)
000000C6  04B10A00000020000000      VCALL     IEXV_SPS_BO,#32
 00216:  
 00217:       EXV_SPS_0007        (LNK := 7);
000000D0  182A07002A000000          MOVE.W    #7,42(DP)
000000D8  04B10A0000002A000000      VCALL     IEXV_SPS_BO,#42
 00218:  
 00219:       OR10_1              (X1 := EXV_SPS_0006.VAL(* POSITION := -1*-1: SIZE := 33* -1:   *) ,
000000E2  18222200000000000000      MOVE.W    34(DP),0(DP)
 00220:                            X2 := EXV_SPS_0007.VAL(* POSITION := -1*-1: SIZE := 28* -1:   *) ,
000000EC  18222C00000002000000      MOVE.W    44(DP),2(DP)
 00221:                            X3 := 0,
000000F6  182A000004000000          MOVE.W    #0,4(DP)
 00222:                            X4 := 0,
000000FE  182A000006000000          MOVE.W    #0,6(DP)
 00223:                            X5 := 0,
00000106  182A000008000000          MOVE.W    #0,8(DP)
 00224:                            X6 := 0,
0000010E  182A00000A000000          MOVE.W    #0,10(DP)
 00225:                            X7 := 0,
00000116  182A00000C000000          MOVE.W    #0,12(DP)
ST-Compiler Version 4.52.01    Thu Aug 08 19:08:25 2024    Page 6
File: 'D:\Work\Guatemala\2024\POC_HINCAPIE\Project\SIEMENS\DIGSI\S012+R06_EN_CURSO\TMP\CFC\7344242.184007\STComp.st'

 00226:                            X8 := 0,
0000011E  182A00000E000000          MOVE.W    #0,14(DP)
 00227:                            X9 := 0,
00000126  182A000010000000          MOVE.W    #0,16(DP)
 00228:                            X10 := 0);
0000012E  182A000012000000          MOVE.W    #0,18(DP)
00000136  04B11E00000000000000      VCALL     OR10,#0
 00229:  
 00230:       EXV_SPS_0005        (LNK := 5,
00000140  182A050016000000          MOVE.W    #5,22(DP)
 00231:                            VAL := OR10_1.Y(* POSITION := -1*-1: SIZE := 26* -1:   *) );
00000148  18221400000018000000      MOVE.W    20(DP),24(DP)
00000152  04B10000000016000000      VCALL     OEXV_BO_SPS,#22
 00232:  
 00233:  (* COMMENT_TEXT;{X=61,Y=2};{Width=26, Height=3};Font := Arial,FontSize := 20,LineColor := 0,LineWidth := 0,Alignment := Center,AutoWrap := True,BackColor := -16738588,Background := False,TextColor := 0,WallpaperGamma := 100,PartitionID := 1,;ARRANQUES 50BF *)
 00234:  
 00235:  END_PROGRAM
0000015C  010A0000                  RETB      #0
 00236:  
 00237:                                                    (* ---------- Program : CHART_Cierre_Q0 ----------  *)
 00238:  
 00239:  PROGRAM CHART_Cierre_Q0
 00240:  {COMMENT := "Cierre Q0";DESC := "";}
 00241:  (* ChartLayout;PageSize := A4,Rows := 3,Columns := 2,MarginMode := WithoutMargins,MarginSize := 24,MarginLines := 1 *)
 00242:  (* PartitionInfo;Id := 1,Name := Partition_1,Comment :=       *)
 00243:  VAR
 00244:  
 00245:  
 00246:  
 00247:       (* IO_IOVISIBILITY;AND10_1;X8:X9:X10: *)
 00248:                 
 00249:       (* PartitionInfo;PartitionID AND10_1;1  *)
 00250:  AND10_1         { COMMENT := 'and10_1'; POSITION := 67,17; SIZE := 12, 12; } :AND10;        
 00251:  
 00252:  
 00253:       (* IO_IOVISIBILITY;AND10_2;X7:X8:X9:X10: *)
 00254:                 
 00255:       (* PartitionInfo;PartitionID AND10_2;1  *)
 00256:  AND10_2         { COMMENT := 'and10_2'; POSITION := 69,34; SIZE := 12, 12; } :AND10;        
 00257:  
 00258:       (* 0008 - F06_F002.Application.FG1_UserDef.FB5_Universal.SPS5 *)
 00259:       EXV_SPS_0008   {COMMENT := "F06_F002.Application.FG1_UserDef.FB5_Universal.SPS5";DESC := "0##Application#Usuario#Entradas#3.1 SCD1 - 1##1";}:IEXV_SPS_BO;
 00260:  
 00261:       (* 0009 - F06_F002.Application.FG1_UserDef.FB5_Universal.SPS3 *)
 00262:       EXV_SPS_0009   {COMMENT := "F06_F002.Application.FG1_UserDef.FB5_Universal.SPS3";DESC := "0##Application#Usuario#Entradas#2.1 Falla MCB PT 69 PCyM##1";}:IEXV_SPS_BO;
 00263:  
 00264:       (* 0010 - F06_F002.Application.FG1_UserDef.FB5_Universal.SPS11 *)
 00265:       EXV_SPS_0010   {COMMENT := "F06_F002.Application.FG1_UserDef.FB5_Universal.SPS11";DESC := "0##Application#Usuario#Entradas#3.7 Falla MCB 13.8kV Dev 2##1";}:IEXV_SPS_BO;
 00266:  
 00267:       (* 0011 - F06_F002.Application.FG1_UserDef.FB5_Universal.SPS9 *)
 00268:       EXV_SPS_0011   {COMMENT := "F06_F002.Application.FG1_UserDef.FB5_Universal.SPS9";DESC := "0##Application#Usuario#Entradas#3.5 Opero 86T##1";}:IEXV_SPS_BO;
 00269:  
 00270:       (* 0012 - F06_F002.Application.FG1_UserDef.FB5_Universal.SPS1 *)
 00271:       EXV_SPS_0012   {COMMENT := "F06_F002.Application.FG1_UserDef.FB5_Universal.SPS1";DESC := "0##Application#Usuario#Entradas#1.3 Q0 Cerrado##1";}:IEXV_SPS_BO;
 00272:  
 00273:       (* 0013 - F06_F002.Application.FG1_UserDef.FB5_Universal.SPS2 *)
 00274:       EXV_SPS_0013   {COMMENT := "F06_F002.Application.FG1_UserDef.FB5_Universal.SPS2";DESC := "0##Application#Usuario#Entradas#1.4 Anormalidad F06_BCU##1";}:IEXV_SPS_BO;
 00275:  
ST-Compiler Version 4.52.01    Thu Aug 08 19:08:25 2024    Page 7
File: 'D:\Work\Guatemala\2024\POC_HINCAPIE\Project\SIEMENS\DIGSI\S012+R06_EN_CURSO\TMP\CFC\7344242.184007\STComp.st'

 00276:       (* 0014 - F06_F002.Application.FG1_UserDef.FB5_Universal.SPS10 *)
 00277:       EXV_SPS_0014   {COMMENT := "F06_F002.Application.FG1_UserDef.FB5_Universal.SPS10";DESC := "0##Application#Usuario#Entradas#3.6 Cierre Manual Q0##1";}:IEXV_SPS_BO;
 00278:  
 00279:       (* 0015 - F06_F002.Application.FG_BinaryIO.BinaryOutputs.FB12_BinaryOutput.InVal *)
 00280:       EXV_SPS_0015   {COMMENT := "F06_F002.Application.FG_BinaryIO.BinaryOutputs.FB12_BinaryOutput.InVal";DESC := "0##Application#Binary IO#Binary outputs#Binary output12#Value##1";}:OEXV_BO_SPS;
 00281:  
 00282:       (* 0016 - F06_F002.Application.FG1_Breaker_3pol.FB1_CILO.EnaCls *)
 00283:       EXV_SPS_0016   {COMMENT := "F06_F002.Application.FG1_Breaker_3pol.FB1_CILO.EnaCls";DESC := "0##Application#Interruptor HV#Interlocking#>Enable closing##1";}:OEXV_BO_SPS;
 00284:  END_VAR
 00285:  
 00286:       EXV_SPS_0008        (LNK := 8);
                                CHART_Cierre_Q0:
00000160  182A08002C000000          MOVE.W    #8,44(DP)
00000168  04B10A0000002C000000      VCALL     IEXV_SPS_BO,#44
 00287:  
 00288:       EXV_SPS_0009        (LNK := 9);
00000172  182A090036000000          MOVE.W    #9,54(DP)
0000017A  04B10A00000036000000      VCALL     IEXV_SPS_BO,#54
 00289:  
 00290:       EXV_SPS_0010        (LNK := 10);
00000184  182A0A0040000000          MOVE.W    #10,64(DP)
0000018C  04B10A00000040000000      VCALL     IEXV_SPS_BO,#64
 00291:  
 00292:       EXV_SPS_0011        (LNK := 11);
00000196  182A0B004A000000          MOVE.W    #11,74(DP)
0000019E  04B10A0000004A000000      VCALL     IEXV_SPS_BO,#74
 00293:  
 00294:       EXV_SPS_0012        (LNK := 12);
000001A8  182A0C0054000000          MOVE.W    #12,84(DP)
000001B0  04B10A00000054000000      VCALL     IEXV_SPS_BO,#84
 00295:  
 00296:       EXV_SPS_0013        (LNK := 13);
000001BA  182A0D005E000000          MOVE.W    #13,94(DP)
000001C2  04B10A0000005E000000      VCALL     IEXV_SPS_BO,#94
 00297:  
 00298:       EXV_SPS_0014        (LNK := 14);
000001CC  182A0E0068000000          MOVE.W    #14,104(DP)
000001D4  04B10A00000068000000      VCALL     IEXV_SPS_BO,#104
 00299:  
 00300:       AND10_1             (X1 := EXV_SPS_0008.VAL(* POSITION := -1*-1: SIZE := 28* -1:   *) ,
000001DE  18222E00000000000000      MOVE.W    46(DP),0(DP)
 00301:                            X2 := EXV_SPS_0009.VAL(* POSITION := -1*-1: SIZE := 34* -1:   *) ,
000001E8  18223800000002000000      MOVE.W    56(DP),2(DP)
 00302:                            X3 := EXV_SPS_0010.VAL(* POSITION := -1*-1: SIZE := 35* -1:   *) ,
000001F2  18224200000004000000      MOVE.W    66(DP),4(DP)
 00303:                            X4 := NOT EXV_SPS_0011.VAL(* POSITION := -1*-1: SIZE := 28* -1:   *) ,
000001FC  0E024C000000              LD.W      76(DP)
00000202  4805                      NOT.W     AC
00000204  3FA50100                  AND.W     AC,#1
00000208  130206000000              ST.W      6(DP)
 00304:                            X5 := NOT EXV_SPS_0012.VAL(* POSITION := -1*-1: SIZE := 29* -1:   *) ,
0000020E  0E0256000000              LD.W      86(DP)
00000214  4805                      NOT.W     AC
00000216  3FA50100                  AND.W     AC,#1
0000021A  130208000000              ST.W      8(DP)
 00305:                            X6 := EXV_SPS_0013.VAL(* POSITION := -1*-1: SIZE := 33* -1:   *) ,
00000220  1822600000000A000000      MOVE.W    96(DP),10(DP)
 00306:                            X7 := EXV_SPS_0014.VAL(* POSITION := -1*-1: SIZE := 32* -1:   *) ,
ST-Compiler Version 4.52.01    Thu Aug 08 19:08:25 2024    Page 8
File: 'D:\Work\Guatemala\2024\POC_HINCAPIE\Project\SIEMENS\DIGSI\S012+R06_EN_CURSO\TMP\CFC\7344242.184007\STComp.st'

0000022A  18226A0000000C000000      MOVE.W    106(DP),12(DP)
 00307:                            X8 := 1,
00000234  182A01000E000000          MOVE.W    #1,14(DP)
 00308:                            X9 := 1,
0000023C  182A010010000000          MOVE.W    #1,16(DP)
 00309:                            X10 := 1);
00000244  182A010012000000          MOVE.W    #1,18(DP)
0000024C  04B16400000000000000      VCALL     AND10,#0
 00310:  
 00311:       AND10_2             (X1 := EXV_SPS_0008.VAL(* POSITION := -1*-1: SIZE := 28* -1:   *) ,
00000256  18222E00000016000000      MOVE.W    46(DP),22(DP)
 00312:                            X2 := EXV_SPS_0009.VAL(* POSITION := -1*-1: SIZE := 34* -1:   *) ,
00000260  18223800000018000000      MOVE.W    56(DP),24(DP)
 00313:                            X3 := EXV_SPS_0010.VAL(* POSITION := -1*-1: SIZE := 35* -1:   *) ,
0000026A  1822420000001A000000      MOVE.W    66(DP),26(DP)
 00314:                            X4 := NOT EXV_SPS_0011.VAL(* POSITION := -1*-1: SIZE := 28* -1:   *) ,
00000274  0E024C000000              LD.W      76(DP)
0000027A  4805                      NOT.W     AC
0000027C  3FA50100                  AND.W     AC,#1
00000280  13021C000000              ST.W      28(DP)
 00315:                            X5 := EXV_SPS_0012.VAL(* POSITION := -1*-1: SIZE := 29* -1:   *) ,
00000286  1822560000001E000000      MOVE.W    86(DP),30(DP)
 00316:                            X6 := EXV_SPS_0013.VAL(* POSITION := -1*-1: SIZE := 33* -1:   *) ,
00000290  18226000000020000000      MOVE.W    96(DP),32(DP)
 00317:                            X7 := 1,
0000029A  182A010022000000          MOVE.W    #1,34(DP)
 00318:                            X8 := 1,
000002A2  182A010024000000          MOVE.W    #1,36(DP)
 00319:                            X9 := 1,
000002AA  182A010026000000          MOVE.W    #1,38(DP)
 00320:                            X10 := 1);
000002B2  182A010028000000          MOVE.W    #1,40(DP)
000002BA  04B16400000016000000      VCALL     AND10,#22
 00321:  
 00322:       EXV_SPS_0015        (LNK := 15,
000002C4  182A0F0072000000          MOVE.W    #15,114(DP)
 00323:                            VAL := AND10_1.Y(* POSITION := -1*-1: SIZE := 38* -1:   *) );
000002CC  18221400000074000000      MOVE.W    20(DP),116(DP)
000002D6  04B10000000072000000      VCALL     OEXV_BO_SPS,#114
 00324:       EXV_SPS_0016        (LNK := 16,
000002E0  182A10007C000000          MOVE.W    #16,124(DP)
 00325:                            VAL := AND10_2.Y(* POSITION := -1*-1: SIZE := 35* -1:   *) );
000002E8  18222A0000007E000000      MOVE.W    42(DP),126(DP)
000002F2  04B1000000007C000000      VCALL     OEXV_BO_SPS,#124
 00326:  
 00327:  
 00328:  END_PROGRAM
000002FC  010A0000                  RETB      #0
 00329:  
 00330:                                                    (* ---------- Program : CHART_ANSI_27_LV ----------  *)
 00331:  
 00332:  PROGRAM CHART_ANSI_27_LV
 00333:  {COMMENT := "ANSI 27 LV";DESC := "";}
 00334:  (* ChartLayout;PageSize := A4,Rows := 3,Columns := 2,MarginMode := WithoutMargins,MarginSize := 24,MarginLines := 1 *)
 00335:  (* PartitionInfo;Id := 1,Name := Partition_1,Comment :=       *)
 00336:  VAR
 00337:  
 00338:  
ST-Compiler Version 4.52.01    Thu Aug 08 19:08:25 2024    Page 9
File: 'D:\Work\Guatemala\2024\POC_HINCAPIE\Project\SIEMENS\DIGSI\S012+R06_EN_CURSO\TMP\CFC\7344242.184007\STComp.st'

 00339:                 
 00340:       (* PartitionInfo;PartitionID LE_R_1;1  *)
 00341:  LE_R_1          { COMMENT := 'le_r_1'; POSITION := 45,13; SIZE := 12, 12; } :LE_R;         
 00342:  
 00343:                 
 00344:  
 00345:       (* IO_IOUNIT;TON_2;
 00346:   PT := 'ms' *)
 00347:       (* PartitionInfo;PartitionID TON_2;1  *)
 00348:  TON_2           { COMMENT := 'ton_1'; POSITION := 75,13; SIZE := 12, 12; } :TON;          
 00349:  
 00350:       (* 0017 - F06_F002.Application.FG1_StandardUI_1ph.FN1_OMV_Fund_1ph.FB1_OpMeas_Fund_1ph_Pres.VxC.CMV_Mag *)
 00351:       EXV_MV_0017    {COMMENT := "F06_F002.Application.FG1_StandardUI_1ph.FN1_OMV_Fund_1ph.FB1_OpMeas_Fund_1ph_Pres.VxC.CMV_Mag";DESC := "0##Application#PT  13.8kV#Fundamental#Fundam#V#magnitude##1";}:IEXV_MVL_RE;
 00352:  
 00353:       (* 0018 - F06_F002.Application.FG2_PowerTransformerSide.FBChartSetting_SPG1.SPS *)
 00354:       EXV_SPS_0018   {COMMENT := "F06_F002.Application.FG2_PowerTransformerSide.FBChartSetting_SPG1.SPS";DESC := "0##Application#13.8 KV#ANSI 27 LV - Enclava#ANSI 27 LV Alarm##1";}:OEXV_BO_SPS;
 00355:  
 00356:       (* 0019 - F06_F002.Application.FG2_PowerTransformerSide.FBChartSetting_SPG1.SPS1 *)
 00357:       EXV_SPS_0019   {COMMENT := "F06_F002.Application.FG2_PowerTransformerSide.FBChartSetting_SPG1.SPS1";DESC := "0##Application#13.8 KV#ANSI 27 LV - Enclava#ANSI 27 LV PickUp##1";}:OEXV_BO_SPS;
 00358:  END_VAR
 00359:  
 00360:       EXV_MV_0017         (LNK := 17);
                                CHART_ANSI_27_LV:
00000300  182A110020000000          MOVE.W    #17,32(DP)
00000308  04B11400000020000000      VCALL     IEXV_MVL_RE,#32
 00361:  
 00362:       LE_R_1              (IN1 := EXV_MV_0017.VAL(* POSITION := -1*-1: SIZE := 34* -1:   *) ,
00000312  19222200000000000000      MOVE.L    34(DP),0(DP)
 00363:                            IN2 := 6.64);
0000031C  192BE17AD44004000000      MOVE.L    #6.640000,4(DP)
00000326  04B1AA00000000000000      VCALL     LE_R,#0
 00364:  
 00365:  
 00366:       TON_2               (IN := LE_R_1.OUT,
00000330  1822080000000C000000      MOVE.W    8(DP),12(DP)
 00367:                            PT := 60000);
0000033A  192B60EA00000E000000      MOVE.L    #60000,14(DP)
00000344  04B1B40000000C000000      VCALL     TON,#12
 00368:  
 00369:       EXV_SPS_0018        (LNK := 18,
0000034E  182A12002C000000          MOVE.W    #18,44(DP)
 00370:                            VAL := TON_2.Q(* POSITION := -1*-1: SIZE := 36* -1:   *) );
00000356  1822120000002E000000      MOVE.W    18(DP),46(DP)
00000360  04B1000000002C000000      VCALL     OEXV_BO_SPS,#44
 00371:       EXV_SPS_0019        (LNK := 19,
0000036A  182A130036000000          MOVE.W    #19,54(DP)
 00372:                            VAL := LE_R_1.OUT(* POSITION := -1*-1: SIZE := 36* -1:   *) );
00000372  18220800000038000000      MOVE.W    8(DP),56(DP)
0000037C  04B10000000036000000      VCALL     OEXV_BO_SPS,#54
 00373:  
 00374:  
 00375:  END_PROGRAM
00000386  010A0000                  RETB      #0
 00376:  
 00377:                                                    (* ---------- Program : CHART_ANSI_27_HV ----------  *)
 00378:  
 00379:  PROGRAM CHART_ANSI_27_HV
 00380:  {COMMENT := "ANSI 27 HV";DESC := "";}
ST-Compiler Version 4.52.01    Thu Aug 08 19:08:25 2024    Page 10
File: 'D:\Work\Guatemala\2024\POC_HINCAPIE\Project\SIEMENS\DIGSI\S012+R06_EN_CURSO\TMP\CFC\7344242.184007\STComp.st'

 00381:  (* ChartLayout;PageSize := A4,Rows := 3,Columns := 2,MarginMode := WithoutMargins,MarginSize := 24,MarginLines := 1 *)
 00382:  (* PartitionInfo;Id := 1,Name := Partition_1,Comment :=       *)
 00383:  VAR
 00384:  
 00385:  
 00386:                 
 00387:       (* PartitionInfo;PartitionID LE_R_1;1  *)
 00388:  LE_R_1          { COMMENT := 'le_r_1'; POSITION := 45,6; SIZE := 12, 12; } :LE_R;         
 00389:  
 00390:                 
 00391:       (* PartitionInfo;PartitionID LE_R_2;1  *)
 00392:  LE_R_2          { COMMENT := 'le_r_2'; POSITION := 45,14; SIZE := 12, 12; } :LE_R;         
 00393:  
 00394:                 
 00395:       (* PartitionInfo;PartitionID LE_R_3;1  *)
 00396:  LE_R_3          { COMMENT := 'le_r_3'; POSITION := 46,21; SIZE := 12, 12; } :LE_R;         
 00397:  
 00398:  
 00399:       (* IO_IOVISIBILITY;OR10_4;X4:X5:X6:X7:X8:X9:X10: *)
 00400:                 
 00401:       (* PartitionInfo;PartitionID OR10_4;1  *)
 00402:  OR10_4          { COMMENT := 'or10_1'; POSITION := 71,12; SIZE := 12, 12; } :OR10;         
 00403:  
 00404:                 
 00405:  
 00406:       (* IO_IOUNIT;TON_5;
 00407:   PT := 'ms' *)
 00408:       (* PartitionInfo;PartitionID TON_5;1  *)
 00409:  TON_5           { COMMENT := 'ton_1'; POSITION := 101,12; SIZE := 12, 12; } :TON;          
 00410:  
 00411:       (* 0020 - F06_F002.Application.FG1_PowerTransformerSide.FN1_OMV_Fund_3ph.FB1_OpMeas_Fund_3ph_Pres.PhV.WYE_MV_PHSA_Mag *)
 00412:       EXV_MV_0020    {COMMENT := "F06_F002.Application.FG1_PowerTransformerSide.FN1_OMV_Fund_3ph.FB1_OpMeas_Fund_3ph_Pres.PhV.WYE_MV_PHSA_Mag";DESC := "0##Application#66 KV#Fund./sym.comp.#Fundam#Vph#phs A magn.##1";}:IEXV_MVL_RE;
 00413:  
 00414:       (* 0021 - F06_F002.Application.FG1_PowerTransformerSide.FN1_OMV_Fund_3ph.FB1_OpMeas_Fund_3ph_Pres.PhV.WYE_MV_PHSB_Mag *)
 00415:       EXV_MV_0021    {COMMENT := "F06_F002.Application.FG1_PowerTransformerSide.FN1_OMV_Fund_3ph.FB1_OpMeas_Fund_3ph_Pres.PhV.WYE_MV_PHSB_Mag";DESC := "0##Application#66 KV#Fund./sym.comp.#Fundam#Vph#phs B magn.##1";}:IEXV_MVL_RE;
 00416:  
 00417:       (* 0022 - F06_F002.Application.FG1_PowerTransformerSide.FN1_OMV_Fund_3ph.FB1_OpMeas_Fund_3ph_Pres.PhV.WYE_MV_PHSC_Mag *)
 00418:       EXV_MV_0022    {COMMENT := "F06_F002.Application.FG1_PowerTransformerSide.FN1_OMV_Fund_3ph.FB1_OpMeas_Fund_3ph_Pres.PhV.WYE_MV_PHSC_Mag";DESC := "0##Application#66 KV#Fund./sym.comp.#Fundam#Vph#phs C magn.##1";}:IEXV_MVL_RE;
 00419:  
 00420:       (* 0023 - F06_F002.Application.FG1_PowerTransformerSide.FBChartSetting_SPG1.SPS1 *)
 00421:       EXV_SPS_0023   {COMMENT := "F06_F002.Application.FG1_PowerTransformerSide.FBChartSetting_SPG1.SPS1";DESC := "0##Application#66 KV#ANSI 27 HV - Enclava#ANSI 27 HV Alarma##1";}:OEXV_BO_SPS;
 00422:  
 00423:       (* 0024 - F06_F002.Application.FG1_PowerTransformerSide.FBChartSetting_SPG1.SPS *)
 00424:       EXV_SPS_0024   {COMMENT := "F06_F002.Application.FG1_PowerTransformerSide.FBChartSetting_SPG1.SPS";DESC := "0##Application#66 KV#ANSI 27 HV - Enclava#ANSI 27 HV PickUp##1";}:OEXV_BO_SPS;
 00425:  END_VAR
 00426:  
 00427:       EXV_MV_0020         (LNK := 20);
                                CHART_ANSI_27_HV:
0000038A  182A14004E000000          MOVE.W    #20,78(DP)
00000392  04B1140000004E000000      VCALL     IEXV_MVL_RE,#78
 00428:  
 00429:       EXV_MV_0021         (LNK := 21);
0000039C  182A15005A000000          MOVE.W    #21,90(DP)
000003A4  04B1140000005A000000      VCALL     IEXV_MVL_RE,#90
 00430:  
 00431:       EXV_MV_0022         (LNK := 22);
000003AE  182A160066000000          MOVE.W    #22,102(DP)
000003B6  04B11400000066000000      VCALL     IEXV_MVL_RE,#102
ST-Compiler Version 4.52.01    Thu Aug 08 19:08:25 2024    Page 11
File: 'D:\Work\Guatemala\2024\POC_HINCAPIE\Project\SIEMENS\DIGSI\S012+R06_EN_CURSO\TMP\CFC\7344242.184007\STComp.st'

 00432:  
 00433:       LE_R_1              (IN1 := EXV_MV_0020.VAL(* POSITION := -1*-1: SIZE := 35* -1:   *) ,
000003C0  19225000000000000000      MOVE.L    80(DP),0(DP)
 00434:                            IN2 := 6.64);
000003CA  192BE17AD44004000000      MOVE.L    #6.640000,4(DP)
000003D4  04B1AA00000000000000      VCALL     LE_R,#0
 00435:  
 00436:       LE_R_2              (IN1 := EXV_MV_0021.VAL(* POSITION := -1*-1: SIZE := 35* -1:   *) ,
000003DE  19225C0000000C000000      MOVE.L    92(DP),12(DP)
 00437:                            IN2 := 6.64);
000003E8  192BE17AD44010000000      MOVE.L    #6.640000,16(DP)
000003F2  04B1AA0000000C000000      VCALL     LE_R,#12
 00438:  
 00439:       LE_R_3              (IN1 := EXV_MV_0022.VAL(* POSITION := -1*-1: SIZE := 35* -1:   *) ,
000003FC  19226800000018000000      MOVE.L    104(DP),24(DP)
 00440:                            IN2 := 6.64);
00000406  192BE17AD4401C000000      MOVE.L    #6.640000,28(DP)
00000410  04B1AA00000018000000      VCALL     LE_R,#24
 00441:  
 00442:       OR10_4              (X1 := LE_R_1.OUT,
0000041A  18220800000024000000      MOVE.W    8(DP),36(DP)
 00443:                            X2 := LE_R_2.OUT,
00000424  18221400000026000000      MOVE.W    20(DP),38(DP)
 00444:                            X3 := LE_R_3.OUT,
0000042E  18222000000028000000      MOVE.W    32(DP),40(DP)
 00445:                            X4 := 0,
00000438  182A00002A000000          MOVE.W    #0,42(DP)
 00446:                            X5 := 0,
00000440  182A00002C000000          MOVE.W    #0,44(DP)
 00447:                            X6 := 0,
00000448  182A00002E000000          MOVE.W    #0,46(DP)
 00448:                            X7 := 0,
00000450  182A000030000000          MOVE.W    #0,48(DP)
 00449:                            X8 := 0,
00000458  182A000032000000          MOVE.W    #0,50(DP)
 00450:                            X9 := 0,
00000460  182A000034000000          MOVE.W    #0,52(DP)
 00451:                            X10 := 0);
00000468  182A000036000000          MOVE.W    #0,54(DP)
00000470  04B11E00000024000000      VCALL     OR10,#36
 00452:  
 00453:  
 00454:       TON_5               (IN := OR10_4.Y,
0000047A  1822380000003A000000      MOVE.W    56(DP),58(DP)
 00455:                            PT := 60000);
00000484  192B60EA00003C000000      MOVE.L    #60000,60(DP)
0000048E  04B1B40000003A000000      VCALL     TON,#58
 00456:  
 00457:       EXV_SPS_0023        (LNK := 23,
00000498  182A170072000000          MOVE.W    #23,114(DP)
 00458:                            VAL := TON_5.Q(* POSITION := -1*-1: SIZE := 35* -1:   *) );
000004A0  18224000000074000000      MOVE.W    64(DP),116(DP)
000004AA  04B10000000072000000      VCALL     OEXV_BO_SPS,#114
 00459:       EXV_SPS_0024        (LNK := 24,
000004B4  182A18007C000000          MOVE.W    #24,124(DP)
 00460:                            VAL := OR10_4.Y(* POSITION := 90*21: SIZE := 35* -1:   *) );
000004BC  1822380000007E000000      MOVE.W    56(DP),126(DP)
000004C6  04B1000000007C000000      VCALL     OEXV_BO_SPS,#124
ST-Compiler Version 4.52.01    Thu Aug 08 19:08:25 2024    Page 12
File: 'D:\Work\Guatemala\2024\POC_HINCAPIE\Project\SIEMENS\DIGSI\S012+R06_EN_CURSO\TMP\CFC\7344242.184007\STComp.st'

 00461:  
 00462:  
 00463:  END_PROGRAM
000004D0  010A0000                  RETB      #0
 00464:  
 00465:  CONFIGURATION  PLC_CONTROL 
 00466:     RESOURCE PLANS { COMMENT := "Txt100_100";} ON CPU32
 00467:       TASK EVENT_SLOW     { TICKS := 1300;}(PRIORITY := INTERNAL);
 00468:       TASK EVENT_FAST     { TICKS := 255;}(PRIORITY := INTERNAL);
 00469:       TASK MEASUREMENT    { TICKS := 2536;}(PRIORITY := INTERNAL);
 00470:       TASK INTERLOCKING   { TICKS := 2173;}(PRIORITY := INTERNAL);
 00471:  
 00472:       PROGRAM FBI001 WITH EVENT_FAST:  CHART_fdad11fe_d5c5_47c1_b5f1_670b9c204a82;
 00473:       PROGRAM FBI002 WITH EVENT_SLOW:  CHART_Cierre_Q0;
 00474:       PROGRAM FBI003 WITH EVENT_SLOW:  CHART_ANSI_27_LV;
 00475:       PROGRAM FBI004 WITH EVENT_SLOW:  CHART_ANSI_27_HV;
 00476:  
 00477:     END_RESOURCE
 00478:  
 00479:   END_CONFIGURATION                                    .END
     